// Jest Snapshot v1, https://jestjs.io/docs/snapshot-testing

exports[`Certification route section Should match snapshot 1`] = `
<div>
  <section
    class="overflow-hidden "
    role="region"
  >
    <div
      class="flex"
      data-testid="metrica-card"
    >
      <div
        animate="[object Object]"
        class="flex-[0_0_100%] flex flex-col justify-center items-center py-20"
        data-testid="metrica-props-card"
        initial="[object Object]"
        transition="[object Object]"
      >
        <div
          class="text-7xl font-bold"
        >
          Pass Rate
        </div>
        <div
          class="text-7xl text-indigo-500 font-extrabold mt-4"
        >
          95%
        </div>
      </div>
      <div
        animate="[object Object]"
        class="flex-[0_0_100%] flex flex-col justify-center items-center py-20"
        data-testid="metrica-props-card"
        initial="[object Object]"
        transition="[object Object]"
      >
        <div
          class="text-7xl font-bold"
        >
          Average Salary Increase
        </div>
        <div
          class="text-7xl text-indigo-500 font-extrabold mt-4"
        >
          $18000
        </div>
      </div>
      <div
        animate="[object Object]"
        class="flex-[0_0_100%] flex flex-col justify-center items-center py-20"
        data-testid="metrica-props-card"
        initial="[object Object]"
        transition="[object Object]"
      >
        <div
          class="text-7xl font-bold"
        >
          Total Students
        </div>
        <div
          class="text-7xl text-indigo-500 font-extrabold mt-4"
        >
          50000
        </div>
      </div>
    </div>
  </section>
</div>
`;
