// Jest Snapshot v1, https://jestjs.io/docs/snapshot-testing

exports[`Certification section Should match snapshot 1`] = `
<div>
  <section
    class="h-fit w-full snap-start flex items-center justify-center  text-gray-700 p-4"
    data-testid="core-curriculum-section"
    id="section-2"
  >
    <div
      class="max-w-7xl w-full mx-auto px-4 text-center"
    >
      <h2
        class="text-5xl md:text-6xl font-extrabold mb-4"
      >
        Master the AWS Core Services
      </h2>
      <p
        class="text-xl md:text-2xl font-light mb-12"
      >
        Start with Cloud Computing fundamentals, then choose your specialization path among the 12 key certifications.
      </p>
      <div
        class="grid grid-cols-1 sm:grid-cols-2 lg:grid-cols-4 gap-6 h-auto"
      >
        <div
          class="bg-card text-card-foreground gap-6 rounded-xl py-6 shadow-sm flex flex-col h-full transition-all duration-300 hover:shadow-xl hover:scale-[1.02] border-2 border-gray-200"
          data-slot="card"
          data-testid="certification-card"
        >
          <div
            class="@container/card-header auto-rows-min grid-rows-[auto_auto] gap-2 px-6 has-data-[slot=card-action]:grid-cols-[1fr_auto] [.border-b]:pb-6 flex flex-row items-start justify-between space-y-0 pb-2"
            data-slot="card-header"
          >
            <div
              class="flex flex-col space-y-1.5"
            >
              <div
                class="text-lg font-semibold leading-tight"
                data-slot="card-title"
              >
                Cloud Practitioner (CLF-C02)
              </div>
              <div
                class="flex space-x-2 pt-1"
              >
                <span
                  class="inline-flex items-center justify-center rounded-full border px-2 py-0.5 text-xs font-medium w-fit whitespace-nowrap shrink-0 [&>svg]:size-3 gap-1 [&>svg]:pointer-events-none focus-visible:border-ring focus-visible:ring-ring/50 focus-visible:ring-[3px] aria-invalid:ring-destructive/20 dark:aria-invalid:ring-destructive/40 aria-invalid:border-destructive transition-[color,box-shadow] overflow-hidden border-transparent text-primary-foreground [a&]:hover:bg-primary/90 bg-gray-500 hover:bg-gray-600"
                  data-slot="badge"
                >
                  Foundational
                </span>
                <span
                  class="inline-flex items-center justify-center rounded-full border px-2 py-0.5 text-xs font-medium w-fit whitespace-nowrap shrink-0 [&>svg]:size-3 gap-1 [&>svg]:pointer-events-none focus-visible:border-ring focus-visible:ring-ring/50 focus-visible:ring-[3px] aria-invalid:ring-destructive/20 dark:aria-invalid:ring-destructive/40 aria-invalid:border-destructive transition-[color,box-shadow] overflow-hidden border-transparent [a&]:hover:bg-secondary/90 bg-gray-100 text-gray-700"
                  data-slot="badge"
                >
                  Cloud Practitioner
                   Path
                </span>
              </div>
            </div>
            <svg
              aria-hidden="true"
              class="lucide lucide-cloud h-8 w-8 text-blue-600"
              data-testid="certification-icon"
              fill="none"
              height="24"
              stroke="currentColor"
              stroke-linecap="round"
              stroke-linejoin="round"
              stroke-width="2"
              viewBox="0 0 24 24"
              width="24"
              xmlns="http://www.w3.org/2000/svg"
            >
              <path
                d="M17.5 19H9a7 7 0 1 1 6.71-9h1.79a4.5 4.5 0 1 1 0 9Z"
              />
            </svg>
          </div>
          <div
            class="px-6 pt-2"
            data-slot="card-content"
          >
            <div
              class="text-sm text-gray-600"
              data-slot="card-description"
            >
              Validates overall understanding of the AWS Cloud, regardless of specific technical roles.
            </div>
          </div>
        </div>
        <div
          class="bg-card text-card-foreground gap-6 rounded-xl py-6 shadow-sm flex flex-col h-full transition-all duration-300 hover:shadow-xl hover:scale-[1.02] border-2 border-gray-200"
          data-slot="card"
          data-testid="certification-card"
        >
          <div
            class="@container/card-header auto-rows-min grid-rows-[auto_auto] gap-2 px-6 has-data-[slot=card-action]:grid-cols-[1fr_auto] [.border-b]:pb-6 flex flex-row items-start justify-between space-y-0 pb-2"
            data-slot="card-header"
          >
            <div
              class="flex flex-col space-y-1.5"
            >
              <div
                class="text-lg font-semibold leading-tight"
                data-slot="card-title"
              >
                Solutions Architect - Associate (SAA-C03)
              </div>
              <div
                class="flex space-x-2 pt-1"
              >
                <span
                  class="inline-flex items-center justify-center rounded-full border px-2 py-0.5 text-xs font-medium w-fit whitespace-nowrap shrink-0 [&>svg]:size-3 gap-1 [&>svg]:pointer-events-none focus-visible:border-ring focus-visible:ring-ring/50 focus-visible:ring-[3px] aria-invalid:ring-destructive/20 dark:aria-invalid:ring-destructive/40 aria-invalid:border-destructive transition-[color,box-shadow] overflow-hidden border-transparent text-primary-foreground [a&]:hover:bg-primary/90 bg-blue-500 hover:bg-blue-600"
                  data-slot="badge"
                >
                  Associate
                </span>
                <span
                  class="inline-flex items-center justify-center rounded-full border px-2 py-0.5 text-xs font-medium w-fit whitespace-nowrap shrink-0 [&>svg]:size-3 gap-1 [&>svg]:pointer-events-none focus-visible:border-ring focus-visible:ring-ring/50 focus-visible:ring-[3px] aria-invalid:ring-destructive/20 dark:aria-invalid:ring-destructive/40 aria-invalid:border-destructive transition-[color,box-shadow] overflow-hidden border-transparent [a&]:hover:bg-secondary/90 bg-gray-100 text-gray-700"
                  data-slot="badge"
                >
                  Architect
                   Path
                </span>
              </div>
            </div>
            <svg
              aria-hidden="true"
              class="lucide lucide-cloud h-8 w-8 text-blue-600"
              data-testid="certification-icon"
              fill="none"
              height="24"
              stroke="currentColor"
              stroke-linecap="round"
              stroke-linejoin="round"
              stroke-width="2"
              viewBox="0 0 24 24"
              width="24"
              xmlns="http://www.w3.org/2000/svg"
            >
              <path
                d="M17.5 19H9a7 7 0 1 1 6.71-9h1.79a4.5 4.5 0 1 1 0 9Z"
              />
            </svg>
          </div>
          <div
            class="px-6 pt-2"
            data-slot="card-content"
          >
            <div
              class="text-sm text-gray-600"
              data-slot="card-description"
            >
              Demonstrates knowledge of how to design and deploy scalable systems on AWS.
            </div>
          </div>
        </div>
        <div
          class="bg-card text-card-foreground gap-6 rounded-xl py-6 shadow-sm flex flex-col h-full transition-all duration-300 hover:shadow-xl hover:scale-[1.02] border-2 border-gray-200"
          data-slot="card"
          data-testid="certification-card"
        >
          <div
            class="@container/card-header auto-rows-min grid-rows-[auto_auto] gap-2 px-6 has-data-[slot=card-action]:grid-cols-[1fr_auto] [.border-b]:pb-6 flex flex-row items-start justify-between space-y-0 pb-2"
            data-slot="card-header"
          >
            <div
              class="flex flex-col space-y-1.5"
            >
              <div
                class="text-lg font-semibold leading-tight"
                data-slot="card-title"
              >
                Developer - Associate (DVA-C02)
              </div>
              <div
                class="flex space-x-2 pt-1"
              >
                <span
                  class="inline-flex items-center justify-center rounded-full border px-2 py-0.5 text-xs font-medium w-fit whitespace-nowrap shrink-0 [&>svg]:size-3 gap-1 [&>svg]:pointer-events-none focus-visible:border-ring focus-visible:ring-ring/50 focus-visible:ring-[3px] aria-invalid:ring-destructive/20 dark:aria-invalid:ring-destructive/40 aria-invalid:border-destructive transition-[color,box-shadow] overflow-hidden border-transparent text-primary-foreground [a&]:hover:bg-primary/90 bg-blue-500 hover:bg-blue-600"
                  data-slot="badge"
                >
                  Associate
                </span>
                <span
                  class="inline-flex items-center justify-center rounded-full border px-2 py-0.5 text-xs font-medium w-fit whitespace-nowrap shrink-0 [&>svg]:size-3 gap-1 [&>svg]:pointer-events-none focus-visible:border-ring focus-visible:ring-ring/50 focus-visible:ring-[3px] aria-invalid:ring-destructive/20 dark:aria-invalid:ring-destructive/40 aria-invalid:border-destructive transition-[color,box-shadow] overflow-hidden border-transparent [a&]:hover:bg-secondary/90 bg-gray-100 text-gray-700"
                  data-slot="badge"
                >
                  Developer
                   Path
                </span>
              </div>
            </div>
            <svg
              aria-hidden="true"
              class="lucide lucide-cloud h-8 w-8 text-blue-600"
              data-testid="certification-icon"
              fill="none"
              height="24"
              stroke="currentColor"
              stroke-linecap="round"
              stroke-linejoin="round"
              stroke-width="2"
              viewBox="0 0 24 24"
              width="24"
              xmlns="http://www.w3.org/2000/svg"
            >
              <path
                d="M17.5 19H9a7 7 0 1 1 6.71-9h1.79a4.5 4.5 0 1 1 0 9Z"
              />
            </svg>
          </div>
          <div
            class="px-6 pt-2"
            data-slot="card-content"
          >
            <div
              class="text-sm text-gray-600"
              data-slot="card-description"
            >
              Validates proficiency in developing, deploying, and debugging cloud-based applications.
            </div>
          </div>
        </div>
        <div
          class="bg-card text-card-foreground gap-6 rounded-xl py-6 shadow-sm flex flex-col h-full transition-all duration-300 hover:shadow-xl hover:scale-[1.02] border-2 border-gray-200"
          data-slot="card"
          data-testid="certification-card"
        >
          <div
            class="@container/card-header auto-rows-min grid-rows-[auto_auto] gap-2 px-6 has-data-[slot=card-action]:grid-cols-[1fr_auto] [.border-b]:pb-6 flex flex-row items-start justify-between space-y-0 pb-2"
            data-slot="card-header"
          >
            <div
              class="flex flex-col space-y-1.5"
            >
              <div
                class="text-lg font-semibold leading-tight"
                data-slot="card-title"
              >
                SysOps Administrator - Associate (SOA-C02)
              </div>
              <div
                class="flex space-x-2 pt-1"
              >
                <span
                  class="inline-flex items-center justify-center rounded-full border px-2 py-0.5 text-xs font-medium w-fit whitespace-nowrap shrink-0 [&>svg]:size-3 gap-1 [&>svg]:pointer-events-none focus-visible:border-ring focus-visible:ring-ring/50 focus-visible:ring-[3px] aria-invalid:ring-destructive/20 dark:aria-invalid:ring-destructive/40 aria-invalid:border-destructive transition-[color,box-shadow] overflow-hidden border-transparent text-primary-foreground [a&]:hover:bg-primary/90 bg-blue-500 hover:bg-blue-600"
                  data-slot="badge"
                >
                  Associate
                </span>
                <span
                  class="inline-flex items-center justify-center rounded-full border px-2 py-0.5 text-xs font-medium w-fit whitespace-nowrap shrink-0 [&>svg]:size-3 gap-1 [&>svg]:pointer-events-none focus-visible:border-ring focus-visible:ring-ring/50 focus-visible:ring-[3px] aria-invalid:ring-destructive/20 dark:aria-invalid:ring-destructive/40 aria-invalid:border-destructive transition-[color,box-shadow] overflow-hidden border-transparent [a&]:hover:bg-secondary/90 bg-gray-100 text-gray-700"
                  data-slot="badge"
                >
                  Operations
                   Path
                </span>
              </div>
            </div>
            <svg
              aria-hidden="true"
              class="lucide lucide-cloud h-8 w-8 text-blue-600"
              data-testid="certification-icon"
              fill="none"
              height="24"
              stroke="currentColor"
              stroke-linecap="round"
              stroke-linejoin="round"
              stroke-width="2"
              viewBox="0 0 24 24"
              width="24"
              xmlns="http://www.w3.org/2000/svg"
            >
              <path
                d="M17.5 19H9a7 7 0 1 1 6.71-9h1.79a4.5 4.5 0 1 1 0 9Z"
              />
            </svg>
          </div>
          <div
            class="px-6 pt-2"
            data-slot="card-content"
          >
            <div
              class="text-sm text-gray-600"
              data-slot="card-description"
            >
              Confirms technical expertise in deployment, management, and operations on AWS.
            </div>
          </div>
        </div>
        <div
          class="bg-card text-card-foreground gap-6 rounded-xl py-6 shadow-sm flex flex-col h-full transition-all duration-300 hover:shadow-xl hover:scale-[1.02] border-2 border-gray-200"
          data-slot="card"
          data-testid="certification-card"
        >
          <div
            class="@container/card-header auto-rows-min grid-rows-[auto_auto] gap-2 px-6 has-data-[slot=card-action]:grid-cols-[1fr_auto] [.border-b]:pb-6 flex flex-row items-start justify-between space-y-0 pb-2"
            data-slot="card-header"
          >
            <div
              class="flex flex-col space-y-1.5"
            >
              <div
                class="text-lg font-semibold leading-tight"
                data-slot="card-title"
              >
                Solutions Architect - Professional (SAP-C02)
              </div>
              <div
                class="flex space-x-2 pt-1"
              >
                <span
                  class="inline-flex items-center justify-center rounded-full border px-2 py-0.5 text-xs font-medium w-fit whitespace-nowrap shrink-0 [&>svg]:size-3 gap-1 [&>svg]:pointer-events-none focus-visible:border-ring focus-visible:ring-ring/50 focus-visible:ring-[3px] aria-invalid:ring-destructive/20 dark:aria-invalid:ring-destructive/40 aria-invalid:border-destructive transition-[color,box-shadow] overflow-hidden border-transparent text-primary-foreground [a&]:hover:bg-primary/90 bg-orange-500 hover:bg-orange-600"
                  data-slot="badge"
                >
                  Professional
                </span>
                <span
                  class="inline-flex items-center justify-center rounded-full border px-2 py-0.5 text-xs font-medium w-fit whitespace-nowrap shrink-0 [&>svg]:size-3 gap-1 [&>svg]:pointer-events-none focus-visible:border-ring focus-visible:ring-ring/50 focus-visible:ring-[3px] aria-invalid:ring-destructive/20 dark:aria-invalid:ring-destructive/40 aria-invalid:border-destructive transition-[color,box-shadow] overflow-hidden border-transparent [a&]:hover:bg-secondary/90 bg-gray-100 text-gray-700"
                  data-slot="badge"
                >
                  Architect
                   Path
                </span>
              </div>
            </div>
            <svg
              aria-hidden="true"
              class="lucide lucide-cloud h-8 w-8 text-blue-600"
              data-testid="certification-icon"
              fill="none"
              height="24"
              stroke="currentColor"
              stroke-linecap="round"
              stroke-linejoin="round"
              stroke-width="2"
              viewBox="0 0 24 24"
              width="24"
              xmlns="http://www.w3.org/2000/svg"
            >
              <path
                d="M17.5 19H9a7 7 0 1 1 6.71-9h1.79a4.5 4.5 0 1 1 0 9Z"
              />
            </svg>
          </div>
          <div
            class="px-6 pt-2"
            data-slot="card-content"
          >
            <div
              class="text-sm text-gray-600"
              data-slot="card-description"
            >
              Advanced certification for designing and deploying dynamic, highly available, and fault-tolerant applications.
            </div>
          </div>
        </div>
        <div
          class="bg-card text-card-foreground gap-6 rounded-xl py-6 shadow-sm flex flex-col h-full transition-all duration-300 hover:shadow-xl hover:scale-[1.02] border-2 border-gray-200"
          data-slot="card"
          data-testid="certification-card"
        >
          <div
            class="@container/card-header auto-rows-min grid-rows-[auto_auto] gap-2 px-6 has-data-[slot=card-action]:grid-cols-[1fr_auto] [.border-b]:pb-6 flex flex-row items-start justify-between space-y-0 pb-2"
            data-slot="card-header"
          >
            <div
              class="flex flex-col space-y-1.5"
            >
              <div
                class="text-lg font-semibold leading-tight"
                data-slot="card-title"
              >
                DevOps Engineer - Professional (DOP-C02)
              </div>
              <div
                class="flex space-x-2 pt-1"
              >
                <span
                  class="inline-flex items-center justify-center rounded-full border px-2 py-0.5 text-xs font-medium w-fit whitespace-nowrap shrink-0 [&>svg]:size-3 gap-1 [&>svg]:pointer-events-none focus-visible:border-ring focus-visible:ring-ring/50 focus-visible:ring-[3px] aria-invalid:ring-destructive/20 dark:aria-invalid:ring-destructive/40 aria-invalid:border-destructive transition-[color,box-shadow] overflow-hidden border-transparent text-primary-foreground [a&]:hover:bg-primary/90 bg-orange-500 hover:bg-orange-600"
                  data-slot="badge"
                >
                  Professional
                </span>
                <span
                  class="inline-flex items-center justify-center rounded-full border px-2 py-0.5 text-xs font-medium w-fit whitespace-nowrap shrink-0 [&>svg]:size-3 gap-1 [&>svg]:pointer-events-none focus-visible:border-ring focus-visible:ring-ring/50 focus-visible:ring-[3px] aria-invalid:ring-destructive/20 dark:aria-invalid:ring-destructive/40 aria-invalid:border-destructive transition-[color,box-shadow] overflow-hidden border-transparent [a&]:hover:bg-secondary/90 bg-gray-100 text-gray-700"
                  data-slot="badge"
                >
                  Operations
                   Path
                </span>
              </div>
            </div>
            <svg
              aria-hidden="true"
              class="lucide lucide-cloud h-8 w-8 text-blue-600"
              data-testid="certification-icon"
              fill="none"
              height="24"
              stroke="currentColor"
              stroke-linecap="round"
              stroke-linejoin="round"
              stroke-width="2"
              viewBox="0 0 24 24"
              width="24"
              xmlns="http://www.w3.org/2000/svg"
            >
              <path
                d="M17.5 19H9a7 7 0 1 1 6.71-9h1.79a4.5 4.5 0 1 1 0 9Z"
              />
            </svg>
          </div>
          <div
            class="px-6 pt-2"
            data-slot="card-content"
          >
            <div
              class="text-sm text-gray-600"
              data-slot="card-description"
            >
              Focuses on continuous delivery and automation of infrastructure on AWS.
            </div>
          </div>
        </div>
        <div
          class="bg-card text-card-foreground gap-6 rounded-xl py-6 shadow-sm flex flex-col h-full transition-all duration-300 hover:shadow-xl hover:scale-[1.02] border-2 border-gray-200"
          data-slot="card"
          data-testid="certification-card"
        >
          <div
            class="@container/card-header auto-rows-min grid-rows-[auto_auto] gap-2 px-6 has-data-[slot=card-action]:grid-cols-[1fr_auto] [.border-b]:pb-6 flex flex-row items-start justify-between space-y-0 pb-2"
            data-slot="card-header"
          >
            <div
              class="flex flex-col space-y-1.5"
            >
              <div
                class="text-lg font-semibold leading-tight"
                data-slot="card-title"
              >
                Database - Specialty
              </div>
              <div
                class="flex space-x-2 pt-1"
              >
                <span
                  class="inline-flex items-center justify-center rounded-full border px-2 py-0.5 text-xs font-medium w-fit whitespace-nowrap shrink-0 [&>svg]:size-3 gap-1 [&>svg]:pointer-events-none focus-visible:border-ring focus-visible:ring-ring/50 focus-visible:ring-[3px] aria-invalid:ring-destructive/20 dark:aria-invalid:ring-destructive/40 aria-invalid:border-destructive transition-[color,box-shadow] overflow-hidden border-transparent text-primary-foreground [a&]:hover:bg-primary/90 bg-red-500 hover:bg-red-600"
                  data-slot="badge"
                >
                  Specialty
                </span>
                <span
                  class="inline-flex items-center justify-center rounded-full border px-2 py-0.5 text-xs font-medium w-fit whitespace-nowrap shrink-0 [&>svg]:size-3 gap-1 [&>svg]:pointer-events-none focus-visible:border-ring focus-visible:ring-ring/50 focus-visible:ring-[3px] aria-invalid:ring-destructive/20 dark:aria-invalid:ring-destructive/40 aria-invalid:border-destructive transition-[color,box-shadow] overflow-hidden border-transparent [a&]:hover:bg-secondary/90 bg-gray-100 text-gray-700"
                  data-slot="badge"
                >
                  Operations
                   Path
                </span>
              </div>
            </div>
            <svg
              aria-hidden="true"
              class="lucide lucide-cloud h-8 w-8 text-blue-600"
              data-testid="certification-icon"
              fill="none"
              height="24"
              stroke="currentColor"
              stroke-linecap="round"
              stroke-linejoin="round"
              stroke-width="2"
              viewBox="0 0 24 24"
              width="24"
              xmlns="http://www.w3.org/2000/svg"
            >
              <path
                d="M17.5 19H9a7 7 0 1 1 6.71-9h1.79a4.5 4.5 0 1 1 0 9Z"
              />
            </svg>
          </div>
          <div
            class="px-6 pt-2"
            data-slot="card-content"
          >
            <div
              class="text-sm text-gray-600"
              data-slot="card-description"
            >
              Validates comprehensive understanding of the various AWS database services (RDS, DynamoDB, etc.).
            </div>
          </div>
        </div>
        <div
          class="bg-card text-card-foreground gap-6 rounded-xl py-6 shadow-sm flex flex-col h-full transition-all duration-300 hover:shadow-xl hover:scale-[1.02] border-2 border-gray-200"
          data-slot="card"
          data-testid="certification-card"
        >
          <div
            class="@container/card-header auto-rows-min grid-rows-[auto_auto] gap-2 px-6 has-data-[slot=card-action]:grid-cols-[1fr_auto] [.border-b]:pb-6 flex flex-row items-start justify-between space-y-0 pb-2"
            data-slot="card-header"
          >
            <div
              class="flex flex-col space-y-1.5"
            >
              <div
                class="text-lg font-semibold leading-tight"
                data-slot="card-title"
              >
                Security - Specialty
              </div>
              <div
                class="flex space-x-2 pt-1"
              >
                <span
                  class="inline-flex items-center justify-center rounded-full border px-2 py-0.5 text-xs font-medium w-fit whitespace-nowrap shrink-0 [&>svg]:size-3 gap-1 [&>svg]:pointer-events-none focus-visible:border-ring focus-visible:ring-ring/50 focus-visible:ring-[3px] aria-invalid:ring-destructive/20 dark:aria-invalid:ring-destructive/40 aria-invalid:border-destructive transition-[color,box-shadow] overflow-hidden border-transparent text-primary-foreground [a&]:hover:bg-primary/90 bg-red-500 hover:bg-red-600"
                  data-slot="badge"
                >
                  Specialty
                </span>
                <span
                  class="inline-flex items-center justify-center rounded-full border px-2 py-0.5 text-xs font-medium w-fit whitespace-nowrap shrink-0 [&>svg]:size-3 gap-1 [&>svg]:pointer-events-none focus-visible:border-ring focus-visible:ring-ring/50 focus-visible:ring-[3px] aria-invalid:ring-destructive/20 dark:aria-invalid:ring-destructive/40 aria-invalid:border-destructive transition-[color,box-shadow] overflow-hidden border-transparent [a&]:hover:bg-secondary/90 bg-gray-100 text-gray-700"
                  data-slot="badge"
                >
                  Architect
                   Path
                </span>
              </div>
            </div>
            <svg
              aria-hidden="true"
              class="lucide lucide-cloud h-8 w-8 text-blue-600"
              data-testid="certification-icon"
              fill="none"
              height="24"
              stroke="currentColor"
              stroke-linecap="round"
              stroke-linejoin="round"
              stroke-width="2"
              viewBox="0 0 24 24"
              width="24"
              xmlns="http://www.w3.org/2000/svg"
            >
              <path
                d="M17.5 19H9a7 7 0 1 1 6.71-9h1.79a4.5 4.5 0 1 1 0 9Z"
              />
            </svg>
          </div>
          <div
            class="px-6 pt-2"
            data-slot="card-content"
          >
            <div
              class="text-sm text-gray-600"
              data-slot="card-description"
            >
              Expertise in securing the AWS platform, compliance, and defining security controls.
            </div>
          </div>
        </div>
        <div
          class="bg-card text-card-foreground gap-6 rounded-xl py-6 shadow-sm flex flex-col h-full transition-all duration-300 hover:shadow-xl hover:scale-[1.02] border-2 border-gray-200"
          data-slot="card"
          data-testid="certification-card"
        >
          <div
            class="@container/card-header auto-rows-min grid-rows-[auto_auto] gap-2 px-6 has-data-[slot=card-action]:grid-cols-[1fr_auto] [.border-b]:pb-6 flex flex-row items-start justify-between space-y-0 pb-2"
            data-slot="card-header"
          >
            <div
              class="flex flex-col space-y-1.5"
            >
              <div
                class="text-lg font-semibold leading-tight"
                data-slot="card-title"
              >
                Advanced Networking - Specialty
              </div>
              <div
                class="flex space-x-2 pt-1"
              >
                <span
                  class="inline-flex items-center justify-center rounded-full border px-2 py-0.5 text-xs font-medium w-fit whitespace-nowrap shrink-0 [&>svg]:size-3 gap-1 [&>svg]:pointer-events-none focus-visible:border-ring focus-visible:ring-ring/50 focus-visible:ring-[3px] aria-invalid:ring-destructive/20 dark:aria-invalid:ring-destructive/40 aria-invalid:border-destructive transition-[color,box-shadow] overflow-hidden border-transparent text-primary-foreground [a&]:hover:bg-primary/90 bg-red-500 hover:bg-red-600"
                  data-slot="badge"
                >
                  Specialty
                </span>
                <span
                  class="inline-flex items-center justify-center rounded-full border px-2 py-0.5 text-xs font-medium w-fit whitespace-nowrap shrink-0 [&>svg]:size-3 gap-1 [&>svg]:pointer-events-none focus-visible:border-ring focus-visible:ring-ring/50 focus-visible:ring-[3px] aria-invalid:ring-destructive/20 dark:aria-invalid:ring-destructive/40 aria-invalid:border-destructive transition-[color,box-shadow] overflow-hidden border-transparent [a&]:hover:bg-secondary/90 bg-gray-100 text-gray-700"
                  data-slot="badge"
                >
                  Operations
                   Path
                </span>
              </div>
            </div>
            <svg
              aria-hidden="true"
              class="lucide lucide-cloud h-8 w-8 text-blue-600"
              data-testid="certification-icon"
              fill="none"
              height="24"
              stroke="currentColor"
              stroke-linecap="round"
              stroke-linejoin="round"
              stroke-width="2"
              viewBox="0 0 24 24"
              width="24"
              xmlns="http://www.w3.org/2000/svg"
            >
              <path
                d="M17.5 19H9a7 7 0 1 1 6.71-9h1.79a4.5 4.5 0 1 1 0 9Z"
              />
            </svg>
          </div>
          <div
            class="px-6 pt-2"
            data-slot="card-content"
          >
            <div
              class="text-sm text-gray-600"
              data-slot="card-description"
            >
              Deep knowledge of AWS networking concepts and designing complex network architectures.
            </div>
          </div>
        </div>
        <div
          class="bg-card text-card-foreground gap-6 rounded-xl py-6 shadow-sm flex flex-col h-full transition-all duration-300 hover:shadow-xl hover:scale-[1.02] border-2 border-gray-200"
          data-slot="card"
          data-testid="certification-card"
        >
          <div
            class="@container/card-header auto-rows-min grid-rows-[auto_auto] gap-2 px-6 has-data-[slot=card-action]:grid-cols-[1fr_auto] [.border-b]:pb-6 flex flex-row items-start justify-between space-y-0 pb-2"
            data-slot="card-header"
          >
            <div
              class="flex flex-col space-y-1.5"
            >
              <div
                class="text-lg font-semibold leading-tight"
                data-slot="card-title"
              >
                Data Analytics - Specialty
              </div>
              <div
                class="flex space-x-2 pt-1"
              >
                <span
                  class="inline-flex items-center justify-center rounded-full border px-2 py-0.5 text-xs font-medium w-fit whitespace-nowrap shrink-0 [&>svg]:size-3 gap-1 [&>svg]:pointer-events-none focus-visible:border-ring focus-visible:ring-ring/50 focus-visible:ring-[3px] aria-invalid:ring-destructive/20 dark:aria-invalid:ring-destructive/40 aria-invalid:border-destructive transition-[color,box-shadow] overflow-hidden border-transparent text-primary-foreground [a&]:hover:bg-primary/90 bg-red-500 hover:bg-red-600"
                  data-slot="badge"
                >
                  Specialty
                </span>
                <span
                  class="inline-flex items-center justify-center rounded-full border px-2 py-0.5 text-xs font-medium w-fit whitespace-nowrap shrink-0 [&>svg]:size-3 gap-1 [&>svg]:pointer-events-none focus-visible:border-ring focus-visible:ring-ring/50 focus-visible:ring-[3px] aria-invalid:ring-destructive/20 dark:aria-invalid:ring-destructive/40 aria-invalid:border-destructive transition-[color,box-shadow] overflow-hidden border-transparent [a&]:hover:bg-secondary/90 bg-gray-100 text-gray-700"
                  data-slot="badge"
                >
                  Developer
                   Path
                </span>
              </div>
            </div>
            <svg
              aria-hidden="true"
              class="lucide lucide-cloud h-8 w-8 text-blue-600"
              data-testid="certification-icon"
              fill="none"
              height="24"
              stroke="currentColor"
              stroke-linecap="round"
              stroke-linejoin="round"
              stroke-width="2"
              viewBox="0 0 24 24"
              width="24"
              xmlns="http://www.w3.org/2000/svg"
            >
              <path
                d="M17.5 19H9a7 7 0 1 1 6.71-9h1.79a4.5 4.5 0 1 1 0 9Z"
              />
            </svg>
          </div>
          <div
            class="px-6 pt-2"
            data-slot="card-content"
          >
            <div
              class="text-sm text-gray-600"
              data-slot="card-description"
            >
              Confirms expertise in designing and implementing AWS big data services like Kinesis and EMR.
            </div>
          </div>
        </div>
        <div
          class="bg-card text-card-foreground gap-6 rounded-xl py-6 shadow-sm flex flex-col h-full transition-all duration-300 hover:shadow-xl hover:scale-[1.02] border-2 border-gray-200"
          data-slot="card"
          data-testid="certification-card"
        >
          <div
            class="@container/card-header auto-rows-min grid-rows-[auto_auto] gap-2 px-6 has-data-[slot=card-action]:grid-cols-[1fr_auto] [.border-b]:pb-6 flex flex-row items-start justify-between space-y-0 pb-2"
            data-slot="card-header"
          >
            <div
              class="flex flex-col space-y-1.5"
            >
              <div
                class="text-lg font-semibold leading-tight"
                data-slot="card-title"
              >
                Machine Learning - Specialty
              </div>
              <div
                class="flex space-x-2 pt-1"
              >
                <span
                  class="inline-flex items-center justify-center rounded-full border px-2 py-0.5 text-xs font-medium w-fit whitespace-nowrap shrink-0 [&>svg]:size-3 gap-1 [&>svg]:pointer-events-none focus-visible:border-ring focus-visible:ring-ring/50 focus-visible:ring-[3px] aria-invalid:ring-destructive/20 dark:aria-invalid:ring-destructive/40 aria-invalid:border-destructive transition-[color,box-shadow] overflow-hidden border-transparent text-primary-foreground [a&]:hover:bg-primary/90 bg-red-500 hover:bg-red-600"
                  data-slot="badge"
                >
                  Specialty
                </span>
                <span
                  class="inline-flex items-center justify-center rounded-full border px-2 py-0.5 text-xs font-medium w-fit whitespace-nowrap shrink-0 [&>svg]:size-3 gap-1 [&>svg]:pointer-events-none focus-visible:border-ring focus-visible:ring-ring/50 focus-visible:ring-[3px] aria-invalid:ring-destructive/20 dark:aria-invalid:ring-destructive/40 aria-invalid:border-destructive transition-[color,box-shadow] overflow-hidden border-transparent [a&]:hover:bg-secondary/90 bg-gray-100 text-gray-700"
                  data-slot="badge"
                >
                  Developer
                   Path
                </span>
              </div>
            </div>
            <svg
              aria-hidden="true"
              class="lucide lucide-cloud h-8 w-8 text-blue-600"
              data-testid="certification-icon"
              fill="none"
              height="24"
              stroke="currentColor"
              stroke-linecap="round"
              stroke-linejoin="round"
              stroke-width="2"
              viewBox="0 0 24 24"
              width="24"
              xmlns="http://www.w3.org/2000/svg"
            >
              <path
                d="M17.5 19H9a7 7 0 1 1 6.71-9h1.79a4.5 4.5 0 1 1 0 9Z"
              />
            </svg>
          </div>
          <div
            class="px-6 pt-2"
            data-slot="card-content"
          >
            <div
              class="text-sm text-gray-600"
              data-slot="card-description"
            >
              Demonstrates skills in building, training, tuning, and deploying ML models using AWS SageMaker.
            </div>
          </div>
        </div>
        <div
          class="bg-card text-card-foreground gap-6 rounded-xl py-6 shadow-sm flex flex-col h-full transition-all duration-300 hover:shadow-xl hover:scale-[1.02] border-2 border-gray-200"
          data-slot="card"
          data-testid="certification-card"
        >
          <div
            class="@container/card-header auto-rows-min grid-rows-[auto_auto] gap-2 px-6 has-data-[slot=card-action]:grid-cols-[1fr_auto] [.border-b]:pb-6 flex flex-row items-start justify-between space-y-0 pb-2"
            data-slot="card-header"
          >
            <div
              class="flex flex-col space-y-1.5"
            >
              <div
                class="text-lg font-semibold leading-tight"
                data-slot="card-title"
              >
                SAP on AWS - Specialty
              </div>
              <div
                class="flex space-x-2 pt-1"
              >
                <span
                  class="inline-flex items-center justify-center rounded-full border px-2 py-0.5 text-xs font-medium w-fit whitespace-nowrap shrink-0 [&>svg]:size-3 gap-1 [&>svg]:pointer-events-none focus-visible:border-ring focus-visible:ring-ring/50 focus-visible:ring-[3px] aria-invalid:ring-destructive/20 dark:aria-invalid:ring-destructive/40 aria-invalid:border-destructive transition-[color,box-shadow] overflow-hidden border-transparent text-primary-foreground [a&]:hover:bg-primary/90 bg-red-500 hover:bg-red-600"
                  data-slot="badge"
                >
                  Specialty
                </span>
                <span
                  class="inline-flex items-center justify-center rounded-full border px-2 py-0.5 text-xs font-medium w-fit whitespace-nowrap shrink-0 [&>svg]:size-3 gap-1 [&>svg]:pointer-events-none focus-visible:border-ring focus-visible:ring-ring/50 focus-visible:ring-[3px] aria-invalid:ring-destructive/20 dark:aria-invalid:ring-destructive/40 aria-invalid:border-destructive transition-[color,box-shadow] overflow-hidden border-transparent [a&]:hover:bg-secondary/90 bg-gray-100 text-gray-700"
                  data-slot="badge"
                >
                  Architect
                   Path
                </span>
              </div>
            </div>
            <svg
              aria-hidden="true"
              class="lucide lucide-cloud h-8 w-8 text-blue-600"
              data-testid="certification-icon"
              fill="none"
              height="24"
              stroke="currentColor"
              stroke-linecap="round"
              stroke-linejoin="round"
              stroke-width="2"
              viewBox="0 0 24 24"
              width="24"
              xmlns="http://www.w3.org/2000/svg"
            >
              <path
                d="M17.5 19H9a7 7 0 1 1 6.71-9h1.79a4.5 4.5 0 1 1 0 9Z"
              />
            </svg>
          </div>
          <div
            class="px-6 pt-2"
            data-slot="card-content"
          >
            <div
              class="text-sm text-gray-600"
              data-slot="card-description"
            >
              Validates experience in designing, implementing, and migrating SAP workloads to AWS.
            </div>
          </div>
        </div>
      </div>
    </div>
  </section>
</div>
`;
